input_processing.c:20:5:WhichButtonIsPressed	8	static
input_processing.c:93:6:clear_vertical	8	static
input_processing.c:97:6:clear_horizontal	8	static
input_processing.c:101:6:vertical_processing	8	static
input_processing.c:118:6:horizontal_processing	8	static
input_processing.c:135:6:state_update	16	static
input_processing.c:144:6:check_state	8	static
input_processing.c:156:6:update_clock	8	static
input_processing.c:166:6:reset	4	static
input_processing.c:176:6:restart	4	static
input_processing.c:180:6:confirm_action	16	static
input_processing.c:203:6:state_handle	8	static
input_processing.c:226:6:traffic_processing	8	static
input_processing.c:249:6:input_processing	8	static
input_processing.c:279:6:fsm_simple_button_run	8	static
